// Jest Snapshot v1, https://goo.gl/fbAQLP

exports[`SelectOption should render the SelectOption without crashing 1`] = `
<div>
  <div
    class="mm-box mm-select-wrapper"
  >
    <button>
      Trigger
    </button>
    <div
      class="mm-box mm-popover mm-popover--open mm-popover--reference-hidden mm-select-wrapper__popover mm-box--padding-0 mm-box--background-color-background-default mm-box--rounded-lg mm-box--border-color-border-muted box--border-style-solid box--border-width-1"
      role="tooltip"
      style="position: absolute; left: 0px; top: 0px; width: 0px;"
    >
      <button
        class="mm-box mm-select-option mm-box--display-block"
      />
    </div>
  </div>
</div>
`;
