// Jest Snapshot v1, https://goo.gl/fbAQLP

exports[`Popover should render popover element correctly 1`] = `<div />`;
