// Jest Snapshot v1, https://goo.gl/fbAQLP

exports[`SelectButton should render the SelectButton without crashing 1`] = `
<div>
  <div
    class="mm-box mm-select-wrapper"
  >
    <button
      class="mm-box mm-select-button mm-select-button--size-auto mm-box--padding-right-4 mm-box--padding-left-4 mm-box--display-flex mm-box--gap-2 mm-box--justify-content-space-between mm-box--align-items-center mm-box--background-color-background-default mm-box--rounded-md mm-box--border-color-border-default box--border-style-solid box--border-width-1"
      style="width: 100%;"
    >
      <span>
        Trigger
      </span>
      <span
        class="mm-box mm-icon mm-icon--size-sm mm-box--display-inline-block mm-box--color-inherit"
        style="mask-image: url('./images/icons/arrow-down.svg');"
      />
    </button>
  </div>
</div>
`;
