// Jest Snapshot v1, https://goo.gl/fbAQLP

exports[`MultipleAlertModal renders the multiple alert modal 1`] = `<div />`;
