// Jest Snapshot v1, https://goo.gl/fbAQLP

exports[`SnapAccountDetails should take a snapshot 1`] = `<div />`;
