// Jest Snapshot v1, https://goo.gl/fbAQLP

exports[`ModalContent should match snapshot 1`] = `
<div>
  <section
    aria-modal="true"
    class="box mm-modal-content mm-modal-content--size-sm box--padding-4 box--flex-direction-row box--width-full box--background-color-background-default box--rounded-lg"
    role="dialog"
  >
    test
  </section>
</div>
`;
